// Jest Snapshot v1, https://goo.gl/fbAQLP

exports[`404 Page matches snapshot 1`] = `
<div
  className="notFound container"
  data-testid="notFound"
>
  <img
    alt=""
    src="404.svg"
  />
  <button
    className="MuiButton-root MuiButton-outlined MuiButton-outlinedPrimary MuiButton-sizeMedium MuiButton-outlinedSizeMedium MuiButtonBase-root backButton css-1vbvugf-MuiButtonBase-root-MuiButton-root"
    data-testid="backButton"
    disabled={false}
    onBlur={[Function]}
    onClick={[Function]}
    onContextMenu={[Function]}
    onDragLeave={[Function]}
    onFocus={[Function]}
    onKeyDown={[Function]}
    onKeyUp={[Function]}
    onMouseDown={[Function]}
    onMouseLeave={[Function]}
    onMouseUp={[Function]}
    onTouchEnd={[Function]}
    onTouchMove={[Function]}
    onTouchStart={[Function]}
    tabIndex={0}
    type="button"
  >
    <svg
      aria-hidden={true}
      className="MuiSvgIcon-root MuiSvgIcon-fontSizeMedium css-i4bv87-MuiSvgIcon-root"
      data-testid="ArrowBackIosIcon"
      focusable="false"
      viewBox="0 0 24 24"
    >
      <path
        d="M11.67 3.87 9.9 2.1 0 12l9.9 9.9 1.77-1.77L3.54 12z"
      />
    </svg>
     Back To Home
  </button>
</div>
`;
